0x00080002
0x00080003
0x00080004
0x0008000B
0x0008000C
0x0008000E
0x00080010
0x00080012
0x00080014
0x00080016
0x00080018
0x0008001A
0x0008001C
0x0008001E
0x00080020
0x00080022
0x00080024
0x00080026
0x00080028
0x0008002A
0x0008002C
0x0008002E
0x00080030
0x00080034
0x0008003C
0x000800E7
0x000800E8
0x000800EA
0x000800EB
0x000800ED
0x00080101
0x00080115
0x00080124
0x00080133
0x00080142
0x00080162
0x0008016E
0x00080173
0x0008043B
0x0008113D
0x00091EE4
0x00095E79
0x0009B506
0x0009D8C3
0x001C2E4B
0x001C3217
0x00280DD8
0x00280E26
0x00282B1F
0x002836D9
0x00283E5A
0x00284157
0x0028604B
0x00288048
0x0028986E
0x0028A0BC
0x0028AD38
0x0028AD40
0x0028AD41
0x0028AF01
0x0028AF03
0x0028AF07
0x0028B5F9
0x0028BAE3
0x0028C8A8
0x0028C980
0x0028C981
0x0028C983
0x0028C998
0x0028C999
0x0028C9E7
0x0028C9EF
0x0028CAB4
0x0028CB5B
0x0028CB5D
0x0028CB6A
0x0028CB81
0x0028D0C8
0x0028D541
0x0028D799
0x0028E7D0
0x0028F0DA
0x00290320
0x00290378
0x002903B3
0x0029265A
0x0029345F
0x00294729
0x002949D2
0x00295ED7
0x002967FC
0x0029820A
0x00299137
0x00299A08
0x0029A5B9
0x0029B7FF
0x0029C363
0x0029CE5F
0x0029D270
0x0029E5D3
0x0029F62F
0x002A0F01
0x002A1443
0x002A1449
0x002A144F
0x002A1455
0x002A145B
0x002A1B1C
0x002A1C2E
0x002A1D1E
0x002A1D2A
0x002A1D46
0x002A4C4A
0x002A4E25
0x002A4E39
0x002A4E4D
0x002A4E61
0x002A4E75
0x002A4E84
0x002A4FF4
0x002A5055
0x002A53BE
0x002A5560
0x002A5564
0x002A556D
0x002A5577
0x002A5580
0x002A55D5
0x002A562D
0x002A5682
0x002A56E9
0x002A579B
0x002A57F7
0x002A57FB
0x002A57FF
0x0038D495
0x0038D498
0x00399D89
0x003A13D7
0x003A5741
0x00AA5508